../Core/Src/main.c:108:6:Process_ADC_data	16	static
../Core/Src/main.c:155:5:main	8	static
../Core/Src/main.c:246:6:SystemClock_Config	88	static
../Core/Src/main.c:293:13:MX_ADC1_Init	24	static
../Core/Src/main.c:407:13:MX_DAC1_Init	48	static
../Core/Src/main.c:457:13:MX_TIM1_Init	120	static
../Core/Src/main.c:556:13:MX_TIM2_Init	64	static
../Core/Src/main.c:615:13:MX_TIM3_Init	64	static
../Core/Src/main.c:678:13:MX_USART1_UART_Init	8	static
../Core/Src/main.c:724:13:MX_DMA_Init	16	static
../Core/Src/main.c:748:13:MX_GPIO_Init	48	static
../Core/Src/main.c:799:6:HAL_UART_RxCpltCallback	16	static
../Core/Src/main.c:804:6:HAL_ADC_ConvHalfCpltCallback	16	static
../Core/Src/main.c:810:6:HAL_ADC_ConvCpltCallback	16	static
../Core/Src/main.c:823:6:Error_Handler	8	static,ignoring_inline_asm
