../Drivers/STM32G0xx_HAL_Driver/Src/stm32g0xx_hal_dac.c:344:19:HAL_DAC_Init	16	static
../Drivers/STM32G0xx_HAL_Driver/Src/stm32g0xx_hal_dac.c:405:19:HAL_DAC_DeInit	16	static
../Drivers/STM32G0xx_HAL_Driver/Src/stm32g0xx_hal_dac.c:450:13:HAL_DAC_MspInit	16	static
../Drivers/STM32G0xx_HAL_Driver/Src/stm32g0xx_hal_dac.c:466:13:HAL_DAC_MspDeInit	16	static
../Drivers/STM32G0xx_HAL_Driver/Src/stm32g0xx_hal_dac.c:508:19:HAL_DAC_Start	16	static
../Drivers/STM32G0xx_HAL_Driver/Src/stm32g0xx_hal_dac.c:569:19:HAL_DAC_Stop	16	static
../Drivers/STM32G0xx_HAL_Driver/Src/stm32g0xx_hal_dac.c:607:19:HAL_DAC_Start_DMA	40	static
../Drivers/STM32G0xx_HAL_Driver/Src/stm32g0xx_hal_dac.c:739:19:HAL_DAC_Stop_DMA	16	static
../Drivers/STM32G0xx_HAL_Driver/Src/stm32g0xx_hal_dac.c:793:6:HAL_DAC_IRQHandler	24	static
../Drivers/STM32G0xx_HAL_Driver/Src/stm32g0xx_hal_dac.c:869:19:HAL_DAC_SetValue	32	static
../Drivers/STM32G0xx_HAL_Driver/Src/stm32g0xx_hal_dac.c:909:13:HAL_DAC_ConvCpltCallbackCh1	16	static
../Drivers/STM32G0xx_HAL_Driver/Src/stm32g0xx_hal_dac.c:925:13:HAL_DAC_ConvHalfCpltCallbackCh1	16	static
../Drivers/STM32G0xx_HAL_Driver/Src/stm32g0xx_hal_dac.c:941:13:HAL_DAC_ErrorCallbackCh1	16	static
../Drivers/STM32G0xx_HAL_Driver/Src/stm32g0xx_hal_dac.c:957:13:HAL_DAC_DMAUnderrunCallbackCh1	16	static
../Drivers/STM32G0xx_HAL_Driver/Src/stm32g0xx_hal_dac.c:996:10:HAL_DAC_GetValue	24	static
../Drivers/STM32G0xx_HAL_Driver/Src/stm32g0xx_hal_dac.c:1031:19:HAL_DAC_ConfigChannel	40	static
../Drivers/STM32G0xx_HAL_Driver/Src/stm32g0xx_hal_dac.c:1213:22:HAL_DAC_GetState	16	static
../Drivers/STM32G0xx_HAL_Driver/Src/stm32g0xx_hal_dac.c:1226:10:HAL_DAC_GetError	16	static
../Drivers/STM32G0xx_HAL_Driver/Src/stm32g0xx_hal_dac.c:1498:6:DAC_DMAConvCpltCh1	24	static
../Drivers/STM32G0xx_HAL_Driver/Src/stm32g0xx_hal_dac.c:1517:6:DAC_DMAHalfConvCpltCh1	24	static
../Drivers/STM32G0xx_HAL_Driver/Src/stm32g0xx_hal_dac.c:1534:6:DAC_DMAErrorCh1	24	static
