../Drivers/STM32G0xx_HAL_Driver/Inc/stm32g0xx_ll_adc.h:2031:26:LL_ADC_GetCommonClock	16	static
../Drivers/STM32G0xx_HAL_Driver/Inc/stm32g0xx_ll_adc.h:2265:26:LL_ADC_GetClock	16	static
../Drivers/STM32G0xx_HAL_Driver/Inc/stm32g0xx_ll_adc.h:2285:22:LL_ADC_SetCalibrationFactor	16	static
../Drivers/STM32G0xx_HAL_Driver/Inc/stm32g0xx_ll_adc.h:2301:26:LL_ADC_GetCalibrationFactor	16	static
../Drivers/STM32G0xx_HAL_Driver/Inc/stm32g0xx_ll_adc.h:4563:22:LL_ADC_DisableInternalRegulator	16	static
../Drivers/STM32G0xx_HAL_Driver/Inc/stm32g0xx_ll_adc.h:4595:22:LL_ADC_Enable	16	static
../Drivers/STM32G0xx_HAL_Driver/Inc/stm32g0xx_ll_adc.h:4615:22:LL_ADC_Disable	16	static
../Drivers/STM32G0xx_HAL_Driver/Inc/stm32g0xx_ll_adc.h:4634:26:LL_ADC_IsEnabled	16	static
../Drivers/STM32G0xx_HAL_Driver/Inc/stm32g0xx_ll_adc.h:4678:22:LL_ADC_StartCalibration	16	static
../Drivers/STM32G0xx_HAL_Driver/Inc/stm32g0xx_ll_adc.h:4694:26:LL_ADC_IsCalibrationOnGoing	16	static
../Drivers/STM32G0xx_HAL_Driver/Inc/stm32g0xx_ll_adc.h:4761:26:LL_ADC_REG_IsConversionOngoing	16	static
../Drivers/STM32G0xx_HAL_Driver/Src/stm32g0xx_hal_adc_ex.c:102:19:HAL_ADCEx_Calibration_Start	56	static
../Drivers/STM32G0xx_HAL_Driver/Src/stm32g0xx_hal_adc_ex.c:245:10:HAL_ADCEx_Calibration_GetValue	16	static
../Drivers/STM32G0xx_HAL_Driver/Src/stm32g0xx_hal_adc_ex.c:261:19:HAL_ADCEx_Calibration_SetValue	24	static
../Drivers/STM32G0xx_HAL_Driver/Src/stm32g0xx_hal_adc_ex.c:304:13:HAL_ADCEx_LevelOutOfWindow2Callback	16	static
../Drivers/STM32G0xx_HAL_Driver/Src/stm32g0xx_hal_adc_ex.c:319:13:HAL_ADCEx_LevelOutOfWindow3Callback	16	static
../Drivers/STM32G0xx_HAL_Driver/Src/stm32g0xx_hal_adc_ex.c:335:13:HAL_ADCEx_EndOfSamplingCallback	16	static
../Drivers/STM32G0xx_HAL_Driver/Src/stm32g0xx_hal_adc_ex.c:350:13:HAL_ADCEx_ChannelConfigReadyCallback	16	static
../Drivers/STM32G0xx_HAL_Driver/Src/stm32g0xx_hal_adc_ex.c:373:19:HAL_ADCEx_DisableVoltageRegulator	24	static
