../Drivers/STM32G0xx_HAL_Driver/Inc/stm32g0xx_ll_adc.h:2111:22:LL_ADC_SetCommonPathInternalCh	16	static
../Drivers/STM32G0xx_HAL_Driver/Inc/stm32g0xx_ll_adc.h:2205:26:LL_ADC_GetCommonPathInternalCh	16	static
../Drivers/STM32G0xx_HAL_Driver/Inc/stm32g0xx_ll_adc.h:2575:22:LL_ADC_SetSamplingTimeCommonChannels	24	static
../Drivers/STM32G0xx_HAL_Driver/Inc/stm32g0xx_ll_adc.h:2608:26:LL_ADC_GetSamplingTimeCommonChannels	16	static
../Drivers/STM32G0xx_HAL_Driver/Inc/stm32g0xx_ll_adc.h:2716:26:LL_ADC_REG_IsTriggerSourceSWStart	16	static
../Drivers/STM32G0xx_HAL_Driver/Inc/stm32g0xx_ll_adc.h:3127:22:LL_ADC_REG_SetSequencerRanks	24	static
../Drivers/STM32G0xx_HAL_Driver/Inc/stm32g0xx_ll_adc.h:3394:22:LL_ADC_REG_SetSequencerChAdd	16	static
../Drivers/STM32G0xx_HAL_Driver/Inc/stm32g0xx_ll_adc.h:3486:22:LL_ADC_REG_SetSequencerChRem	16	static
../Drivers/STM32G0xx_HAL_Driver/Inc/stm32g0xx_ll_adc.h:3700:26:LL_ADC_REG_GetDMATransfer	16	static
../Drivers/STM32G0xx_HAL_Driver/Inc/stm32g0xx_ll_adc.h:3826:22:LL_ADC_SetChannelSamplingTime	24	static
../Drivers/STM32G0xx_HAL_Driver/Inc/stm32g0xx_ll_adc.h:3988:22:LL_ADC_SetAnalogWDMonitChannels	32	static
../Drivers/STM32G0xx_HAL_Driver/Inc/stm32g0xx_ll_adc.h:4208:22:LL_ADC_ConfigAnalogWDThresholds	32	static
../Drivers/STM32G0xx_HAL_Driver/Inc/stm32g0xx_ll_adc.h:4544:22:LL_ADC_EnableInternalRegulator	16	static
../Drivers/STM32G0xx_HAL_Driver/Inc/stm32g0xx_ll_adc.h:4563:22:LL_ADC_DisableInternalRegulator	16	static
../Drivers/STM32G0xx_HAL_Driver/Inc/stm32g0xx_ll_adc.h:4574:26:LL_ADC_IsInternalRegulatorEnabled	16	static
../Drivers/STM32G0xx_HAL_Driver/Inc/stm32g0xx_ll_adc.h:4595:22:LL_ADC_Enable	16	static
../Drivers/STM32G0xx_HAL_Driver/Inc/stm32g0xx_ll_adc.h:4615:22:LL_ADC_Disable	16	static
../Drivers/STM32G0xx_HAL_Driver/Inc/stm32g0xx_ll_adc.h:4634:26:LL_ADC_IsEnabled	16	static
../Drivers/STM32G0xx_HAL_Driver/Inc/stm32g0xx_ll_adc.h:4645:26:LL_ADC_IsDisableOngoing	16	static
../Drivers/STM32G0xx_HAL_Driver/Inc/stm32g0xx_ll_adc.h:4725:22:LL_ADC_REG_StartConversion	16	static
../Drivers/STM32G0xx_HAL_Driver/Inc/stm32g0xx_ll_adc.h:4745:22:LL_ADC_REG_StopConversion	16	static
../Drivers/STM32G0xx_HAL_Driver/Inc/stm32g0xx_ll_adc.h:4761:26:LL_ADC_REG_IsConversionOngoing	16	static
../Drivers/STM32G0xx_HAL_Driver/Inc/stm32g0xx_ll_adc.h:5063:22:LL_ADC_ClearFlag_AWD1	16	static
../Drivers/STM32G0xx_HAL_Driver/Inc/stm32g0xx_ll_adc.h:5074:22:LL_ADC_ClearFlag_AWD2	16	static
../Drivers/STM32G0xx_HAL_Driver/Inc/stm32g0xx_ll_adc.h:5085:22:LL_ADC_ClearFlag_AWD3	16	static
../Drivers/STM32G0xx_HAL_Driver/Inc/stm32g0xx_ll_adc.h:5181:22:LL_ADC_EnableIT_AWD1	16	static
../Drivers/STM32G0xx_HAL_Driver/Inc/stm32g0xx_ll_adc.h:5192:22:LL_ADC_EnableIT_AWD2	16	static
../Drivers/STM32G0xx_HAL_Driver/Inc/stm32g0xx_ll_adc.h:5203:22:LL_ADC_EnableIT_AWD3	16	static
../Drivers/STM32G0xx_HAL_Driver/Inc/stm32g0xx_ll_adc.h:5291:22:LL_ADC_DisableIT_AWD1	16	static
../Drivers/STM32G0xx_HAL_Driver/Inc/stm32g0xx_ll_adc.h:5302:22:LL_ADC_DisableIT_AWD2	16	static
../Drivers/STM32G0xx_HAL_Driver/Inc/stm32g0xx_ll_adc.h:5313:22:LL_ADC_DisableIT_AWD3	16	static
../Drivers/STM32G0xx_HAL_Driver/Src/stm32g0xx_hal_adc.c:379:19:HAL_ADC_Init	40	static
../Drivers/STM32G0xx_HAL_Driver/Src/stm32g0xx_hal_adc.c:733:19:HAL_ADC_DeInit	32	static
../Drivers/STM32G0xx_HAL_Driver/Src/stm32g0xx_hal_adc.c:862:13:HAL_ADC_MspInit	16	static
../Drivers/STM32G0xx_HAL_Driver/Src/stm32g0xx_hal_adc.c:879:13:HAL_ADC_MspDeInit	16	static
../Drivers/STM32G0xx_HAL_Driver/Src/stm32g0xx_hal_adc.c:1146:19:HAL_ADC_Start	32	static
../Drivers/STM32G0xx_HAL_Driver/Src/stm32g0xx_hal_adc.c:1213:19:HAL_ADC_Stop	32	static
../Drivers/STM32G0xx_HAL_Driver/Src/stm32g0xx_hal_adc.c:1264:19:HAL_ADC_PollForConversion	24	static
../Drivers/STM32G0xx_HAL_Driver/Src/stm32g0xx_hal_adc.c:1397:19:HAL_ADC_PollForEvent	32	static
../Drivers/STM32G0xx_HAL_Driver/Src/stm32g0xx_hal_adc.c:1527:19:HAL_ADC_Start_IT	32	static
../Drivers/STM32G0xx_HAL_Driver/Src/stm32g0xx_hal_adc.c:1618:19:HAL_ADC_Stop_IT	32	static
../Drivers/STM32G0xx_HAL_Driver/Src/stm32g0xx_hal_adc.c:1665:19:HAL_ADC_Start_DMA	40	static
../Drivers/STM32G0xx_HAL_Driver/Src/stm32g0xx_hal_adc.c:1761:19:HAL_ADC_Stop_DMA	32	static
../Drivers/STM32G0xx_HAL_Driver/Src/stm32g0xx_hal_adc.c:1842:10:HAL_ADC_GetValue	16	static
../Drivers/STM32G0xx_HAL_Driver/Src/stm32g0xx_hal_adc.c:1859:6:HAL_ADC_IRQHandler	32	static
../Drivers/STM32G0xx_HAL_Driver/Src/stm32g0xx_hal_adc.c:2069:13:HAL_ADC_ConvCpltCallback	16	static
../Drivers/STM32G0xx_HAL_Driver/Src/stm32g0xx_hal_adc.c:2084:13:HAL_ADC_ConvHalfCpltCallback	16	static
../Drivers/STM32G0xx_HAL_Driver/Src/stm32g0xx_hal_adc.c:2099:13:HAL_ADC_LevelOutOfWindowCallback	16	static
../Drivers/STM32G0xx_HAL_Driver/Src/stm32g0xx_hal_adc.c:2121:13:HAL_ADC_ErrorCallback	16	static
../Drivers/STM32G0xx_HAL_Driver/Src/stm32g0xx_hal_adc.c:2167:19:HAL_ADC_ConfigChannel	32	static
../Drivers/STM32G0xx_HAL_Driver/Src/stm32g0xx_hal_adc.c:2375:19:HAL_ADC_AnalogWDGConfig	40	static
../Drivers/STM32G0xx_HAL_Driver/Src/stm32g0xx_hal_adc.c:2611:10:HAL_ADC_GetState	16	static
../Drivers/STM32G0xx_HAL_Driver/Src/stm32g0xx_hal_adc.c:2625:10:HAL_ADC_GetError	16	static
../Drivers/STM32G0xx_HAL_Driver/Src/stm32g0xx_hal_adc.c:2652:19:ADC_ConversionStop	24	static
../Drivers/STM32G0xx_HAL_Driver/Src/stm32g0xx_hal_adc.c:2706:19:ADC_Enable	24	static
../Drivers/STM32G0xx_HAL_Driver/Src/stm32g0xx_hal_adc.c:2799:19:ADC_Disable	24	static
../Drivers/STM32G0xx_HAL_Driver/Src/stm32g0xx_hal_adc.c:2861:13:ADC_DMAConvCplt	24	static
../Drivers/STM32G0xx_HAL_Driver/Src/stm32g0xx_hal_adc.c:2939:13:ADC_DMAHalfConvCplt	24	static
../Drivers/STM32G0xx_HAL_Driver/Src/stm32g0xx_hal_adc.c:2957:13:ADC_DMAError	24	static
